   9684 -175
  14349 -170
  12975 -165
  12685 -160
  12636 -155
  13079 -150
  13906 -145
  14437 -140
  15126 -135
  16057 -130
  14988 -125
  14284 -120
  13538 -115
  12885 -110
  12826 -105
  12621 -100
  13374 -95
  14731 -90
  21798 -85
  14578 -80
  12964 -75
  12321 -70
  12013 -65
  12414 -60
  12654 -55
  13132 -50
  14029 -45
  15046 -40
  14454 -35
  13805 -30
  12971 -25
  12575 -20
  12509 -15
  12377 -10
  12812 -5
  32997 0
  14098 5
  13250 10
  12803 15
  13100 20
  13197 25
  13929 30
  14702 35
  14984 40
  15781 45
  14778 50
  14209 55
  13570 60
  13075 65
  12826 70
  12699 75
  12967 80
  14141 85
  18523 90
  13736 95
  12913 100
  12334 105
  12672 110
  12543 115
  13096 120
  14065 125
  14477 130
  15462 135
  14572 140
  13895 145
  13227 150
  12519 155
  12451 160
  12609 165
  12967 170
  14449 175
   9751 180
