   8596 -175
  14359 -170
  13236 -165
  12652 -160
  12866 -155
  12592 -150
  13223 -145
  13951 -140
  15745 -135
  17611 -130
  15473 -125
  14188 -120
  13305 -115
  12585 -110
  12725 -105
  12886 -100
  13313 -95
  14642 -90
  17335 -85
  15381 -80
  14479 -75
  13816 -70
  13577 -65
  13061 -60
  12727 -55
  12862 -50
  13249 -45
  14967 -40
  13262 -35
  12474 -30
  12153 -25
  12517 -20
  13016 -15
  13639 -10
  14347 -5
  32102 0
  14346 5
  13295 10
  12685 15
  12348 20
  12609 25
  13069 30
  13803 35
  15344 40
  17763 45
  15324 50
  13952 55
  13146 60
  12478 65
  12460 70
  12499 75
  13297 80
  14312 85
  17532 90
  15156 95
  14571 100
  14301 105
  13626 110
  13144 115
  12632 120
  12827 125
  13473 130
  15262 135
  13470 140
  12878 145
  12570 150
  12693 155
  13032 160
  13684 165
  13999 170
  14908 175
   8600 180
